┌Programs──────────┐┌Cheat Sheet───────────────────────────────────────────────┐
│docker            ││git — Version control system                              │
│git               ││                                                          │
│                  ││Basics                                                    │
│                  ││git status     Show working tree status                   │
│                  ││git diff       Show changes between commits               │
│                  ││                                                          │
│                  ││Branching                                                 │
│                  ││git switch -c  Create and switch to new branch            │
│                  ││                                                          │
│                  ││                                                          │
│                  ││                                                          │
│                  ││                                                          │
│                  ││                                                          │
│                  ││                                                          │
│                  ││                                                          │
│                  ││                                                          │
│                  ││                                                          │
│                  ││                                                          │
│                  ││                                                          │
│                  ││                                                          │
│                  ││                                                          │
│                  ││                                                          │
└──────────────────┘└──────────────────────────────────────────────────────────┘
